exports[`test snapshots 1`] = `
<article>
  <h1>
    A title
  </h1>
  <p>
    A body
  </p>
  <img
    alt="image.jpg"
    src="image.jpg" />
</article>
`;
